2026-08-23T08:51:29Z INF Thank you for trying Cloudflare Tunnel. Doing so, without a Cloudflare account, is a quick way to experiment and try it out. However, be aware that these account-less Tunnels have no uptime guarantee, are subject to the Cloudflare Online Services Terms of Use (https://www.cloudflare.com/website-terms/), and Cloudflare reserves the right to investigate your use of Tunnels for violations of such terms. If you intend to use Tunnels in production you should use a pre-created named tunnel by following: https://developers.cloudflare.com/cloudflare-one/connections/connect-apps
2026-08-23T08:51:29Z INF Requesting new quick Tunnel on trycloudflare.com...
2026-08-23T08:51:39Z INF +--------------------------------------------------------------------------------------------+
2026-08-23T08:51:39Z INF |  Your quick Tunnel has been created! Visit it at (it may take some time to be reachable):  |
2026-08-23T08:51:39Z INF |  https://faster-divide-comics-gorgeous.trycloudflare.com                                   |
2026-08-23T08:51:39Z INF +--------------------------------------------------------------------------------------------+
2026-08-23T08:51:39Z INF Cannot determine default configuration path. No file [config.yml config.yaml] in [~/.cloudflared ~/.cloudflare-warp ~/cloudflare-warp /etc/cloudflared /usr/local/etc/cloudflared]
2026-08-23T08:51:39Z INF Version 2026.8.2 (Checksum fcfb02b575a52ca1af2e3267af4e1517bcdeb30ac48c834c69abaed3c0576ad2)
2026-08-23T08:51:39Z INF GOOS: linux, GOVersion: go1.26.4, GoArch: amd64
2026-08-23T08:51:39Z INF Settings: map[ha-connections:1 protocol:quic url:http://127.0.0.1:8080]
2026-08-23T08:51:39Z INF Autoupdate frequency is set autoupdateFreq=86400000
2026-08-23T08:51:40Z INF Generated Connector ID: 8576e8df-eb53-44f4-a21f-b8159896e410
2026-08-23T08:51:40Z INF Initial protocol quic
2026-08-23T08:51:40Z INF ICMP proxy will use 10.0.2.15 as source for IPv4
2026-08-23T08:51:40Z INF ICMP proxy will use fd17:625c:f037:2:4b17:1a00:ae40:f5e7 in zone eth0 as source for IPv6
2026-08-23T08:51:42Z INF ICMP proxy will use 10.0.2.15 as source for IPv4
2026-08-23T08:51:42Z INF ICMP proxy will use fd17:625c:f037:2:4b17:1a00:ae40:f5e7 in zone eth0 as source for IPv6
2026-08-23T08:51:42Z INF Starting metrics server on 127.0.0.1:20241/metrics
2026-08-23T08:51:42Z INF Tunnel connection curve preferences: [X25519MLKEM768 CurveID(65074) CurveP256] connIndex=0 event=0 ip=198.41.200.13
2026-08-23T08:51:43Z INF Registered tunnel connection connIndex=0 connection=4c13c726-0fac-4678-822a-6d76d143eac7 event=0 ip=198.41.200.13 location=sin11 protocol=quic
2026-08-23T08:51:44Z INF +-------------------------------------------------------------------------------------+
2026-08-23T08:51:44Z INF |                               CONNECTIVITY PRE-CHECKS                               |
2026-08-23T08:51:44Z INF +-------------------------------------------------------------------------------------+
2026-08-23T08:51:44Z INF |  COMPONENT         TARGET                     STATUS  DETAILS                       |
2026-08-23T08:51:44Z INF |  DNS Resolution    region1.v2.argotunnel.com  PASS    DNS Resolved successfully     |
2026-08-23T08:51:44Z INF |  DNS Resolution    region2.v2.argotunnel.com  PASS    DNS Resolved successfully     |
2026-08-23T08:51:44Z INF |  UDP Connectivity  region1.v2.argotunnel.com  PASS    QUIC connection successful    |
2026-08-23T08:51:44Z INF |  UDP Connectivity  region2.v2.argotunnel.com  PASS    QUIC connection successful    |
2026-08-23T08:51:44Z INF |  TCP Connectivity  region1.v2.argotunnel.com  PASS    HTTP/2 connection successful  |
2026-08-23T08:51:44Z INF |  TCP Connectivity  region2.v2.argotunnel.com  PASS    HTTP/2 connection successful  |
2026-08-23T08:51:44Z INF |  Cloudflare API    api.cloudflare.com:443     PASS    API is reachable              |
2026-08-23T08:51:44Z INF |                                                                                     |
2026-08-23T08:51:44Z INF |  SUMMARY: Environment is healthy. cloudflared will use 'quic' as primary protocol.  |
2026-08-23T08:51:44Z INF +-------------------------------------------------------------------------------------+
2026-08-23T08:51:44Z INF precheck component="DNS Resolution" details="DNS Resolved successfully" run_id=306123f1-66c7-49b6-b045-ee905e75869d status=pass target=region1.v2.argotunnel.com
2026-08-23T08:51:44Z INF precheck component="DNS Resolution" details="DNS Resolved successfully" run_id=306123f1-66c7-49b6-b045-ee905e75869d status=pass target=region2.v2.argotunnel.com
2026-08-23T08:51:44Z INF precheck component="UDP Connectivity" details="QUIC connection successful" run_id=306123f1-66c7-49b6-b045-ee905e75869d status=pass target=region1.v2.argotunnel.com
2026-08-23T08:51:44Z INF precheck component="UDP Connectivity" details="QUIC connection successful" run_id=306123f1-66c7-49b6-b045-ee905e75869d status=pass target=region2.v2.argotunnel.com
2026-08-23T08:51:44Z INF precheck component="TCP Connectivity" details="HTTP/2 connection successful" run_id=306123f1-66c7-49b6-b045-ee905e75869d status=pass target=region1.v2.argotunnel.com
2026-08-23T08:51:44Z INF precheck component="TCP Connectivity" details="HTTP/2 connection successful" run_id=306123f1-66c7-49b6-b045-ee905e75869d status=pass target=region2.v2.argotunnel.com
2026-08-23T08:51:44Z INF precheck component="Cloudflare API" details="API is reachable" run_id=306123f1-66c7-49b6-b045-ee905e75869d status=pass target=api.cloudflare.com:443
2026-08-23T08:51:44Z INF precheck complete hard_fail=false run_id=306123f1-66c7-49b6-b045-ee905e75869d suggested_protocol=quic
2026-08-23T08:53:39Z INF Initiating graceful shutdown due to signal interrupt ...
2026-08-23T08:53:39Z ERR failed to run the datagram handler error="Application error 0x0 (remote)" connIndex=0 event=0 ip=198.41.200.13
2026-08-23T08:53:39Z ERR failed to serve tunnel connection error="accept stream listener encountered a failure while serving" connIndex=0 event=0 ip=198.41.200.13
2026-08-23T08:53:39Z ERR Serve tunnel error error="accept stream listener encountered a failure while serving" connIndex=0 event=0 ip=198.41.200.13
2026-08-23T08:53:39Z INF Retrying connection in up to 1s connIndex=0 event=0 ip=198.41.200.13
2026-08-23T08:53:39Z ERR Connection terminated connIndex=0
2026-08-23T08:53:39Z ERR no more connections active and exiting
2026-08-23T08:53:39Z INF Tunnel server stopped
2026-08-23T08:53:39Z INF Metrics server stopped
